// Jest Snapshot v1, https://goo.gl/fbAQLP

exports[`gql about getAboutPage should call request with the correct gql 1`] = `
"
    query About {
      abouts(first: 1) {
        avatar {
          url
        }
        topText {
          html
        }
        mainText {
          html
        }
        tags {
          name
          url
          icon {
            url
          }
        }
        seo {
          title
          description
          noIndex
        }
      }
    }
  "
`;
