// Jest Snapshot v1, https://goo.gl/fbAQLP

exports[`gql blog-post getBlogPost with slug "post-1" should call request with the correct gql 1`] = `
"
    query Post($slug: String) {
      post(where: { slug: $slug }) {
        title
        date
        content {
          html
        }
        seo {
          title
          description
          noIndex
        }
      }
    }
  "
`;

exports[`gql blog-post getBlogPost with slug "post-2" should call request with the correct gql 1`] = `
"
    query Post($slug: String) {
      post(where: { slug: $slug }) {
        title
        date
        content {
          html
        }
        seo {
          title
          description
          noIndex
        }
      }
    }
  "
`;
