// Jest Snapshot v1, https://goo.gl/fbAQLP

exports[`gql project getProject with slug "project-1" should call request with the correct gql 1`] = `
"
    query GetProject($slug: String) {
      project(where: { slug: $slug }) {
        title
        subtitle
        content {
          html
        }
        seo {
          title
          description
          noIndex
        }
      }
    }
  "
`;

exports[`gql project getProject with slug "project-2" should call request with the correct gql 1`] = `
"
    query GetProject($slug: String) {
      project(where: { slug: $slug }) {
        title
        subtitle
        content {
          html
        }
        seo {
          title
          description
          noIndex
        }
      }
    }
  "
`;
