// Jest Snapshot v1, https://goo.gl/fbAQLP

exports[`gql rss getRssFeedData should call request with the correct gql 1`] = `
"
    query GetRss {
      rss(where: { type: \\"blog\\" }) {
        title
        description
        siteUrl
        feedUrl
        language
        timeToLive
        webmaster
        copyright
      }
      posts(orderBy: date_DESC, where: { OR: [{ devOnly: null }, { devOnly: false }] }) {
        slug
        title
        date
        excerpt
      }
    }
  "
`;
